1787229842.446603 client started (23715): version 3.6, socket /tmp/tmux-1000/default, protocol 8
1787229842.446671 on Linux 7.1.5-070105-generic #202607241434 SMP PREEMPT_DYNAMIC Fri Jul 24 14:57:06 UTC 2026
1787229842.446676 using libevent 2.1.12-stable poll
1787229842.446677 using ncurses 6.6 20251231
1787229842.446687 flags are 0x10010000
1787229842.446698 socket is /tmp/tmux-1000/default
1787229842.446722 trying connect
1787229842.446766 add peer 0x7156408342a0: 6 ((nil))
1787229842.447049 sending message 111 to peer 0x7156408342a0 (8 bytes)
1787229842.447051 sending message 111 to peer 0x7156408342a0 (8 bytes)
1787229842.447053 sending message 101 to peer 0x7156408342a0 (15 bytes)
1787229842.447054 sending message 109 to peer 0x7156408342a0 (4 bytes)
1787229842.447055 sending message 102 to peer 0x7156408342a0 (11 bytes)
1787229842.447056 sending message 108 to peer 0x7156408342a0 (33 bytes)
1787229842.447058 sending message 112 to peer 0x7156408342a0 (58 bytes)
1787229842.447059 sending message 112 to peer 0x7156408342a0 (5 bytes)
1787229842.447060 sending message 112 to peer 0x7156408342a0 (5 bytes)
1787229842.447061 sending message 112 to peer 0x7156408342a0 (6 bytes)
1787229842.447062 sending message 112 to peer 0x7156408342a0 (6 bytes)
1787229842.447063 sending message 112 to peer 0x7156408342a0 (11 bytes)
1787229842.447065 sending message 112 to peer 0x7156408342a0 (10 bytes)
1787229842.447066 sending message 112 to peer 0x7156408342a0 (13 bytes)
1787229842.447067 sending message 112 to peer 0x7156408342a0 (14 bytes)
1787229842.447068 sending message 112 to peer 0x7156408342a0 (19 bytes)
1787229842.447069 sending message 112 to peer 0x7156408342a0 (11 bytes)
1787229842.447070 sending message 112 to peer 0x7156408342a0 (10 bytes)
1787229842.447071 sending message 112 to peer 0x7156408342a0 (15 bytes)
1787229842.447072 sending message 112 to peer 0x7156408342a0 (21 bytes)
1787229842.447073 sending message 112 to peer 0x7156408342a0 (13 bytes)
1787229842.447075 sending message 112 to peer 0x7156408342a0 (7 bytes)
1787229842.447076 sending message 112 to peer 0x7156408342a0 (13 bytes)
1787229842.447077 sending message 112 to peer 0x7156408342a0 (7 bytes)
1787229842.447078 sending message 112 to peer 0x7156408342a0 (13 bytes)
1787229842.447079 sending message 112 to peer 0x7156408342a0 (9 bytes)
1787229842.447080 sending message 112 to peer 0x7156408342a0 (21 bytes)
1787229842.447081 sending message 112 to peer 0x7156408342a0 (13 bytes)
1787229842.447082 sending message 112 to peer 0x7156408342a0 (9 bytes)
1787229842.447084 sending message 112 to peer 0x7156408342a0 (16 bytes)
1787229842.447085 sending message 112 to peer 0x7156408342a0 (13 bytes)
1787229842.447086 sending message 112 to peer 0x7156408342a0 (9 bytes)
1787229842.447087 sending message 112 to peer 0x7156408342a0 (9 bytes)
1787229842.447088 sending message 112 to peer 0x7156408342a0 (12 bytes)
1787229842.447089 sending message 112 to peer 0x7156408342a0 (8 bytes)
1787229842.447090 sending message 112 to peer 0x7156408342a0 (8 bytes)
1787229842.447092 sending message 112 to peer 0x7156408342a0 (13 bytes)
1787229842.447093 sending message 112 to peer 0x7156408342a0 (7 bytes)
1787229842.447094 sending message 112 to peer 0x7156408342a0 (7 bytes)
1787229842.447095 sending message 112 to peer 0x7156408342a0 (9 bytes)
1787229842.447096 sending message 112 to peer 0x7156408342a0 (9 bytes)
1787229842.447097 sending message 112 to peer 0x7156408342a0 (15 bytes)
1787229842.447098 sending message 112 to peer 0x7156408342a0 (13 bytes)
1787229842.447100 sending message 112 to peer 0x7156408342a0 (12 bytes)
1787229842.447101 sending message 112 to peer 0x7156408342a0 (8 bytes)
1787229842.447102 sending message 112 to peer 0x7156408342a0 (14 bytes)
1787229842.447103 sending message 112 to peer 0x7156408342a0 (11 bytes)
1787229842.447104 sending message 112 to peer 0x7156408342a0 (9 bytes)
1787229842.447105 sending message 112 to peer 0x7156408342a0 (10 bytes)
1787229842.447106 sending message 112 to peer 0x7156408342a0 (10 bytes)
1787229842.447107 sending message 112 to peer 0x7156408342a0 (10 bytes)
1787229842.447116 sending message 112 to peer 0x7156408342a0 (10 bytes)
1787229842.447118 sending message 112 to peer 0x7156408342a0 (11 bytes)
1787229842.447119 sending message 112 to peer 0x7156408342a0 (12 bytes)
1787229842.447120 sending message 112 to peer 0x7156408342a0 (12 bytes)
1787229842.447121 sending message 112 to peer 0x7156408342a0 (12 bytes)
1787229842.447122 sending message 112 to peer 0x7156408342a0 (12 bytes)
1787229842.447124 sending message 112 to peer 0x7156408342a0 (12 bytes)
1787229842.447125 sending message 112 to peer 0x7156408342a0 (11 bytes)
1787229842.447126 sending message 112 to peer 0x7156408342a0 (11 bytes)
1787229842.447127 sending message 112 to peer 0x7156408342a0 (12 bytes)
1787229842.447128 sending message 112 to peer 0x7156408342a0 (12 bytes)
1787229842.447129 sending message 112 to peer 0x7156408342a0 (12 bytes)
1787229842.447130 sending message 112 to peer 0x7156408342a0 (12 bytes)
1787229842.447131 sending message 112 to peer 0x7156408342a0 (12 bytes)
1787229842.447133 sending message 112 to peer 0x7156408342a0 (9 bytes)
1787229842.447134 sending message 112 to peer 0x7156408342a0 (12 bytes)
1787229842.447135 sending message 112 to peer 0x7156408342a0 (13 bytes)
1787229842.447136 sending message 112 to peer 0x7156408342a0 (13 bytes)
1787229842.447137 sending message 112 to peer 0x7156408342a0 (13 bytes)
1787229842.447138 sending message 112 to peer 0x7156408342a0 (13 bytes)
1787229842.447139 sending message 112 to peer 0x7156408342a0 (13 bytes)
1787229842.447140 sending message 112 to peer 0x7156408342a0 (8 bytes)
1787229842.447142 sending message 112 to peer 0x7156408342a0 (11 bytes)
1787229842.447143 sending message 112 to peer 0x7156408342a0 (11 bytes)
1787229842.447144 sending message 112 to peer 0x7156408342a0 (11 bytes)
1787229842.447145 sending message 112 to peer 0x7156408342a0 (12 bytes)
1787229842.447146 sending message 112 to peer 0x7156408342a0 (12 bytes)
1787229842.447147 sending message 112 to peer 0x7156408342a0 (12 bytes)
1787229842.447148 sending message 112 to peer 0x7156408342a0 (12 bytes)
1787229842.447149 sending message 112 to peer 0x7156408342a0 (13 bytes)
1787229842.447151 sending message 112 to peer 0x7156408342a0 (13 bytes)
1787229842.447152 sending message 112 to peer 0x7156408342a0 (13 bytes)
1787229842.447153 sending message 112 to peer 0x7156408342a0 (8 bytes)
1787229842.447154 sending message 112 to peer 0x7156408342a0 (13 bytes)
1787229842.447155 sending message 112 to peer 0x7156408342a0 (13 bytes)
1787229842.447156 sending message 112 to peer 0x7156408342a0 (13 bytes)
1787229842.447157 sending message 112 to peer 0x7156408342a0 (13 bytes)
1787229842.447158 sending message 112 to peer 0x7156408342a0 (13 bytes)
1787229842.447160 sending message 112 to peer 0x7156408342a0 (12 bytes)
1787229842.447161 sending message 112 to peer 0x7156408342a0 (12 bytes)
1787229842.447162 sending message 112 to peer 0x7156408342a0 (12 bytes)
1787229842.447163 sending message 112 to peer 0x7156408342a0 (12 bytes)
1787229842.447164 sending message 112 to peer 0x7156408342a0 (13 bytes)
1787229842.447165 sending message 112 to peer 0x7156408342a0 (8 bytes)
1787229842.447166 sending message 112 to peer 0x7156408342a0 (13 bytes)
1787229842.447167 sending message 112 to peer 0x7156408342a0 (13 bytes)
1787229842.447169 sending message 112 to peer 0x7156408342a0 (13 bytes)
1787229842.447170 sending message 112 to peer 0x7156408342a0 (13 bytes)
1787229842.447171 sending message 112 to peer 0x7156408342a0 (13 bytes)
1787229842.447172 sending message 112 to peer 0x7156408342a0 (13 bytes)
1787229842.447173 sending message 112 to peer 0x7156408342a0 (13 bytes)
1787229842.447174 sending message 112 to peer 0x7156408342a0 (12 bytes)
1787229842.447175 sending message 112 to peer 0x7156408342a0 (12 bytes)
1787229842.447177 sending message 112 to peer 0x7156408342a0 (12 bytes)
1787229842.447178 sending message 112 to peer 0x7156408342a0 (8 bytes)
1787229842.447179 sending message 112 to peer 0x7156408342a0 (12 bytes)
1787229842.447180 sending message 112 to peer 0x7156408342a0 (13 bytes)
1787229842.447184 sending message 112 to peer 0x7156408342a0 (13 bytes)
1787229842.447185 sending message 112 to peer 0x7156408342a0 (13 bytes)
1787229842.447186 sending message 112 to peer 0x7156408342a0 (13 bytes)
1787229842.447187 sending message 112 to peer 0x7156408342a0 (13 bytes)
1787229842.447188 sending message 112 to peer 0x7156408342a0 (13 bytes)
1787229842.447189 sending message 112 to peer 0x7156408342a0 (13 bytes)
1787229842.447191 sending message 112 to peer 0x7156408342a0 (13 bytes)
1787229842.447192 sending message 112 to peer 0x7156408342a0 (12 bytes)
1787229842.447193 sending message 112 to peer 0x7156408342a0 (10 bytes)
1787229842.447194 sending message 112 to peer 0x7156408342a0 (12 bytes)
1787229842.447195 sending message 112 to peer 0x7156408342a0 (12 bytes)
1787229842.447196 sending message 112 to peer 0x7156408342a0 (12 bytes)
1787229842.447197 sending message 112 to peer 0x7156408342a0 (13 bytes)
1787229842.447198 sending message 112 to peer 0x7156408342a0 (13 bytes)
1787229842.447199 sending message 112 to peer 0x7156408342a0 (13 bytes)
1787229842.447201 sending message 112 to peer 0x7156408342a0 (13 bytes)
1787229842.447202 sending message 112 to peer 0x7156408342a0 (13 bytes)
1787229842.447205 sending message 112 to peer 0x7156408342a0 (13 bytes)
1787229842.447206 sending message 112 to peer 0x7156408342a0 (13 bytes)
1787229842.447207 sending message 112 to peer 0x7156408342a0 (10 bytes)
1787229842.447208 sending message 112 to peer 0x7156408342a0 (13 bytes)
1787229842.447209 sending message 112 to peer 0x7156408342a0 (12 bytes)
1787229842.447210 sending message 112 to peer 0x7156408342a0 (12 bytes)
1787229842.447212 sending message 112 to peer 0x7156408342a0 (12 bytes)
1787229842.447213 sending message 112 to peer 0x7156408342a0 (10 bytes)
1787229842.447214 sending message 112 to peer 0x7156408342a0 (10 bytes)
1787229842.447215 sending message 112 to peer 0x7156408342a0 (10 bytes)
1787229842.447216 sending message 112 to peer 0x7156408342a0 (12 bytes)
1787229842.447217 sending message 112 to peer 0x7156408342a0 (13 bytes)
1787229842.447218 sending message 112 to peer 0x7156408342a0 (13 bytes)
1787229842.447219 sending message 112 to peer 0x7156408342a0 (13 bytes)
1787229842.447221 sending message 112 to peer 0x7156408342a0 (13 bytes)
1787229842.447222 sending message 112 to peer 0x7156408342a0 (13 bytes)
1787229842.447223 sending message 112 to peer 0x7156408342a0 (10 bytes)
1787229842.447224 sending message 112 to peer 0x7156408342a0 (11 bytes)
1787229842.447225 sending message 112 to peer 0x7156408342a0 (12 bytes)
1787229842.447226 sending message 112 to peer 0x7156408342a0 (12 bytes)
1787229842.447227 sending message 112 to peer 0x7156408342a0 (12 bytes)
1787229842.447228 sending message 112 to peer 0x7156408342a0 (12 bytes)
1787229842.447230 sending message 112 to peer 0x7156408342a0 (12 bytes)
1787229842.447231 sending message 112 to peer 0x7156408342a0 (11 bytes)
1787229842.447232 sending message 112 to peer 0x7156408342a0 (12 bytes)
1787229842.447233 sending message 112 to peer 0x7156408342a0 (12 bytes)
1787229842.447234 sending message 112 to peer 0x7156408342a0 (13 bytes)
1787229842.447235 sending message 112 to peer 0x7156408342a0 (13 bytes)
1787229842.447236 sending message 112 to peer 0x7156408342a0 (13 bytes)
1787229842.447237 sending message 112 to peer 0x7156408342a0 (13 bytes)
1787229842.447238 sending message 112 to peer 0x7156408342a0 (13 bytes)
1787229842.447240 sending message 112 to peer 0x7156408342a0 (10 bytes)
1787229842.447241 sending message 112 to peer 0x7156408342a0 (9 bytes)
1787229842.447242 sending message 112 to peer 0x7156408342a0 (12 bytes)
1787229842.447243 sending message 112 to peer 0x7156408342a0 (13 bytes)
1787229842.447244 sending message 112 to peer 0x7156408342a0 (13 bytes)
1787229842.447245 sending message 112 to peer 0x7156408342a0 (13 bytes)
1787229842.447246 sending message 112 to peer 0x7156408342a0 (13 bytes)
1787229842.447247 sending message 112 to peer 0x7156408342a0 (13 bytes)
1787229842.447249 sending message 112 to peer 0x7156408342a0 (9 bytes)
1787229842.447252 sending message 112 to peer 0x7156408342a0 (12 bytes)
1787229842.447253 sending message 112 to peer 0x7156408342a0 (13 bytes)
1787229842.447254 sending message 112 to peer 0x7156408342a0 (13 bytes)
1787229842.447256 sending message 112 to peer 0x7156408342a0 (13 bytes)
1787229842.447257 sending message 112 to peer 0x7156408342a0 (13 bytes)
1787229842.447258 sending message 112 to peer 0x7156408342a0 (13 bytes)
1787229842.447259 sending message 112 to peer 0x7156408342a0 (11 bytes)
1787229842.447260 sending message 112 to peer 0x7156408342a0 (12 bytes)
1787229842.447261 sending message 112 to peer 0x7156408342a0 (13 bytes)
1787229842.447262 sending message 112 to peer 0x7156408342a0 (13 bytes)
1787229842.447263 sending message 112 to peer 0x7156408342a0 (13 bytes)
1787229842.447265 sending message 112 to peer 0x7156408342a0 (13 bytes)
1787229842.447266 sending message 112 to peer 0x7156408342a0 (13 bytes)
1787229842.447267 sending message 112 to peer 0x7156408342a0 (11 bytes)
1787229842.447268 sending message 112 to peer 0x7156408342a0 (12 bytes)
1787229842.447269 sending message 112 to peer 0x7156408342a0 (12 bytes)
1787229842.447270 sending message 112 to peer 0x7156408342a0 (12 bytes)
1787229842.447271 sending message 112 to peer 0x7156408342a0 (12 bytes)
1787229842.447272 sending message 112 to peer 0x7156408342a0 (12 bytes)
1787229842.447274 sending message 112 to peer 0x7156408342a0 (21 bytes)
1787229842.447275 sending message 112 to peer 0x7156408342a0 (12 bytes)
1787229842.447276 sending message 112 to peer 0x7156408342a0 (9 bytes)
1787229842.447278 sending message 112 to peer 0x7156408342a0 (6 bytes)
1787229842.447279 sending message 112 to peer 0x7156408342a0 (13 bytes)
1787229842.447282 sending message 112 to peer 0x7156408342a0 (10 bytes)
1787229842.447283 sending message 112 to peer 0x7156408342a0 (24 bytes)
1787229842.447284 sending message 112 to peer 0x7156408342a0 (13 bytes)
1787229842.447286 sending message 112 to peer 0x7156408342a0 (9 bytes)
1787229842.447287 sending message 112 to peer 0x7156408342a0 (70 bytes)
1787229842.447288 sending message 112 to peer 0x7156408342a0 (69 bytes)
1787229842.447289 sending message 112 to peer 0x7156408342a0 (12 bytes)
1787229842.447290 sending message 112 to peer 0x7156408342a0 (10 bytes)
1787229842.447291 sending message 112 to peer 0x7156408342a0 (10 bytes)
1787229842.447292 sending message 112 to peer 0x7156408342a0 (24 bytes)
1787229842.447294 sending message 112 to peer 0x7156408342a0 (13 bytes)
1787229842.447295 sending message 112 to peer 0x7156408342a0 (10 bytes)
1787229842.447296 sending message 112 to peer 0x7156408342a0 (10 bytes)
1787229842.447297 sending message 112 to peer 0x7156408342a0 (10 bytes)
1787229842.447298 sending message 112 to peer 0x7156408342a0 (13 bytes)
1787229842.447299 sending message 112 to peer 0x7156408342a0 (15 bytes)
1787229842.447300 sending message 112 to peer 0x7156408342a0 (5 bytes)
1787229842.447302 sending message 104 to peer 0x7156408342a0 (0 bytes)
1787229842.447303 sending message 110 to peer 0x7156408342a0 (0 bytes)
1787229842.447305 sending message 107 to peer 0x7156408342a0 (4 bytes)
1787229842.447306 sending message 105 to peer 0x7156408342a0 (16 bytes)
1787229842.447307 sending message 105 to peer 0x7156408342a0 (19 bytes)
1787229842.447308 sending message 105 to peer 0x7156408342a0 (20 bytes)
1787229842.447310 sending message 105 to peer 0x7156408342a0 (45 bytes)
1787229842.447311 sending message 105 to peer 0x7156408342a0 (23 bytes)
1787229842.447312 sending message 105 to peer 0x7156408342a0 (25 bytes)
1787229842.447313 sending message 105 to peer 0x7156408342a0 (44 bytes)
1787229842.447314 sending message 105 to peer 0x7156408342a0 (27 bytes)
1787229842.447315 sending message 105 to peer 0x7156408342a0 (36 bytes)
1787229842.447317 sending message 105 to peer 0x7156408342a0 (45 bytes)
1787229842.447318 sending message 105 to peer 0x7156408342a0 (48 bytes)
1787229842.447319 sending message 105 to peer 0x7156408342a0 (37 bytes)
1787229842.447320 sending message 105 to peer 0x7156408342a0 (25 bytes)
1787229842.447325 sending message 105 to peer 0x7156408342a0 (51 bytes)
1787229842.447327 sending message 105 to peer 0x7156408342a0 (20 bytes)
1787229842.447328 sending message 105 to peer 0x7156408342a0 (23 bytes)
1787229842.447329 sending message 105 to peer 0x7156408342a0 (28 bytes)
1787229842.447330 sending message 105 to peer 0x7156408342a0 (37 bytes)
1787229842.447331 sending message 105 to peer 0x7156408342a0 (27 bytes)
1787229842.447332 sending message 105 to peer 0x7156408342a0 (15 bytes)
1787229842.447334 sending message 105 to peer 0x7156408342a0 (25 bytes)
1787229842.447335 sending message 105 to peer 0x7156408342a0 (52 bytes)
1787229842.447336 sending message 105 to peer 0x7156408342a0 (22 bytes)
1787229842.447337 sending message 105 to peer 0x7156408342a0 (54 bytes)
1787229842.447338 sending message 105 to peer 0x7156408342a0 (25 bytes)
1787229842.447339 sending message 105 to peer 0x7156408342a0 (18 bytes)
1787229842.447340 sending message 105 to peer 0x7156408342a0 (16 bytes)
1787229842.447342 sending message 105 to peer 0x7156408342a0 (17 bytes)
1787229842.447343 sending message 105 to peer 0x7156408342a0 (54 bytes)
1787229842.447344 sending message 105 to peer 0x7156408342a0 (1764 bytes)
1787229842.447346 sending message 105 to peer 0x7156408342a0 (33 bytes)
1787229842.447347 sending message 105 to peer 0x7156408342a0 (155 bytes)
1787229842.447348 sending message 105 to peer 0x7156408342a0 (17 bytes)
1787229842.447349 sending message 105 to peer 0x7156408342a0 (26 bytes)
1787229842.447350 sending message 105 to peer 0x7156408342a0 (47 bytes)
1787229842.447353 sending message 105 to peer 0x7156408342a0 (16 bytes)
1787229842.447355 sending message 105 to peer 0x7156408342a0 (43 bytes)
1787229842.447356 sending message 105 to peer 0x7156408342a0 (34 bytes)
1787229842.447357 sending message 105 to peer 0x7156408342a0 (23 bytes)
1787229842.447358 sending message 105 to peer 0x7156408342a0 (20 bytes)
1787229842.447359 sending message 105 to peer 0x7156408342a0 (32 bytes)
1787229842.447360 sending message 105 to peer 0x7156408342a0 (12 bytes)
1787229842.447362 sending message 105 to peer 0x7156408342a0 (13 bytes)
1787229842.447363 sending message 105 to peer 0x7156408342a0 (11 bytes)
1787229842.447364 sending message 105 to peer 0x7156408342a0 (8 bytes)
1787229842.447365 sending message 105 to peer 0x7156408342a0 (18 bytes)
1787229842.447366 sending message 105 to peer 0x7156408342a0 (21 bytes)
1787229842.447367 sending message 105 to peer 0x7156408342a0 (31 bytes)
1787229842.447369 sending message 105 to peer 0x7156408342a0 (47 bytes)
1787229842.447370 sending message 105 to peer 0x7156408342a0 (24 bytes)
1787229842.447371 sending message 105 to peer 0x7156408342a0 (23 bytes)
1787229842.447372 sending message 105 to peer 0x7156408342a0 (102 bytes)
1787229842.447373 sending message 105 to peer 0x7156408342a0 (198 bytes)
1787229842.447375 sending message 105 to peer 0x7156408342a0 (18 bytes)
1787229842.447376 sending message 105 to peer 0x7156408342a0 (45 bytes)
1787229842.447377 sending message 105 to peer 0x7156408342a0 (54 bytes)
1787229842.447378 sending message 105 to peer 0x7156408342a0 (20 bytes)
1787229842.447379 sending message 105 to peer 0x7156408342a0 (29 bytes)
1787229842.447380 sending message 105 to peer 0x7156408342a0 (36 bytes)
1787229842.447381 sending message 105 to peer 0x7156408342a0 (23 bytes)
1787229842.447383 sending message 105 to peer 0x7156408342a0 (20 bytes)
1787229842.447384 sending message 105 to peer 0x7156408342a0 (18 bytes)
1787229842.447385 sending message 105 to peer 0x7156408342a0 (16 bytes)
1787229842.447386 sending message 106 to peer 0x7156408342a0 (0 bytes)
1787229842.447445 sending message 200 to peer 0x7156408342a0 (4 bytes)
1787229842.447446 client loop enter
1787229842.447870 peer 0x7156408342a0 message 303
1787229842.447874 open write file 2 -
1787229842.447881 sending message 305 to peer 0x7156408342a0 (8 bytes)
1787229842.447887 write check file 2
1787229842.447934 peer 0x7156408342a0 message 304
1787229842.447935 write 58 to file 2
1787229842.447940 peer 0x7156408342a0 message 203
1787229842.447943 file 2 58 bytes left
1787229842.447951 write check file 2
1787229842.447952 client loop exit
